Microchip MPLAB XC8 Compiler V2.40

Linker command line:

-W-3 \
  --edf=C:\Program Files\Microchip\xc8\v2.40\pic\dat\20220703182018_en.msgs \
  -cn -h+dist/default/production\Calculator.X.production.sym \
  --cmf=dist/default/production\Calculator.X.production.cmf -z -Q18F4620 \
  -oC:\Users\Lenovo\AppData\Local\Temp\xcAscs4.4 --defsym=__MPLAB_BUILD=1 \
  --fixupoverflow=error \
  -Mdist/default/production/Calculator.X.production.map \
  --md=C:\Users\Lenovo\AppData\Local\Temp\xcAscs4.dat -E1 -ver=XC8 Compiler \
  --acfsm=1493 -ACODE=00h-0FFFFh -ACONST=00h-0FFFFh \
  -ASMALLCONST=01000h-010FFhx240 -AMEDIUMCONST=01000h-0FFFFh \
  -ACOMRAM=01h-07Fh -AABS1=00h-0F7Fh -ABIGRAM=01h-0F7Fh \
  -ARAM=080h-0FFh,0100h-01FFhx14,0F00h-0F7Fh -ABANK0=080h-0FFh \
  -ABANK1=0100h-01FFh -ABANK2=0200h-02FFh -ABANK3=0300h-03FFh \
  -ABANK4=0400h-04FFh -ABANK5=0500h-05FFh -ABANK6=0600h-06FFh \
  -ABANK7=0700h-07FFh -ABANK8=0800h-08FFh -ABANK9=0900h-09FFh \
  -ABANK10=0A00h-0AFFh -ABANK11=0B00h-0BFFh -ABANK12=0C00h-0CFFh \
  -ABANK13=0D00h-0DFFh -ABANK14=0E00h-0EFFh -ABANK15=0F00h-0F7Fh \
  -ASFR=0F80h-0FFFh -ABIGSFR=0F80h-0FFFh -ACONFIG=0300000h-030000Dh \
  -AIDLOC=0200000h-0200007h -AEEDATA=0F00000h-0F003FFh -peeprom_data=EEDATA \
  -preset_vec=00h,intcode=08h,intcodelo,powerup,init -pramtop=01000h \
  -psmallconst=SMALLCONST -pmediumconst=MEDIUMCONST -pconst=CONST \
  -AFARRAM=00h-00h \
  -prdata=COMRAM,nvrram=COMRAM,nvbit=COMRAM,rbss=COMRAM,rbit=COMRAM \
  -pfarbss=FARRAM,fardata=FARRAM,nvFARRAM=FARRAM \
  -pintsave_regs=BIGRAM,bigbss=BIGRAM,bigdata=BIGRAM -pbss=RAM \
  -pidata=CODE,irdata=CODE,ibigdata=CODE,ifardata=CODE -prparam=COMRAM \
  C:\Users\Lenovo\AppData\Local\Temp\xcAscs4.o \
  dist/default/production\Calculator.X.production.o 

Object code version is 3.11

Machine type is 18F4620



                Name                               Link     Load   Length Selector   Space Scale
C:\Users\Lenovo\AppData\Local\Temp\xcAscs4.o
                idloc                            200000   200000        8        0       5
                config                           300000   300000        E        0       4
                init                                  E        E        4        4       0
                reset_vec                             0        0        4        0       0
dist/default/production\Calculator.X.production.o
                intcode                               8        8        6        4       0
                idloc                            200000   200000        8        0       5
                config                           300000   300000        E        0       4
                temp                                 7D       7D        1        1       1
                smallconst                         1000     1000       CE      800       0
                text96                             ACAA     ACAA        8      867       0
                text95                             ACA2     ACA2        8      867       0
                text94                             AAB2     AAB2       30      867       0
                text93                             AA82     AA82       30      867       0
                intcode_body                       A498     A498       56      867       0
                text91                             8A86     8A86      152      867       0
                text90                             81B6     81B6      1A2      867       0
                text89                             A06E     A06E       7A      867       0
                text88                             9FF4     9FF4       7A      867       0
                text87                             9F7A     9F7A       7A      867       0
                text86                             AC00     AC00       26      867       0
                text85                             ABDA     ABDA       26      867       0
                text84                             ABB4     ABB4       26      867       0
                text83                             9BB4     9BB4       A2      867       0
                text82                             8E68     8E68      134      867       0
                text81                             AC84     AC84       1E      867       0
                text80                             9D84     9D84       84      867       0
                text79                             AC66     AC66       1E      867       0
                text78                             5600     5600      4C0      867       0
                text77                             6812     6812      39A      867       0
                text76                             90C0     90C0      106      867       0
                text75                             8002     8002      1B4      867       0
                text74                             98DA     98DA       C0      867       0
                text73                             9C56     9C56       9A      867       0
                text72                             9CF0     9CF0       94      867       0
                text71                             9A58     9A58       B2      867       0
                text70                             9E84     9E84       7C      867       0
                text69                             A15E     A15E       76      867       0
                text68                             A7EC     A7EC       46      867       0
                text67                             A7A6     A7A6       46      867       0
                text66                             A242     A242       6E      867       0
                text65                             9812     9812       C8      867       0
                text64                             A638     A638       4E      867       0
                text63                             AA18     AA18       36      867       0
                text62                             A6D0     A6D0       4A      867       0
                text61                             892C     892C      15A      867       0
                text60                             A380     A380       62      867       0
                text59                             7C34     7C34      212      867       0
                text58                             84E0     84E0      176      867       0
                text57                             AB8E     AB8E       26      867       0
                text56                             AB3A     AB3A       2C      867       0
                text55                             A760     A760       46      867       0
                text54                             7E46     7E46      1BC      867       0
                text53                             8358     8358      188      867       0
                text52                             87C8     87C8      164      867       0
                text51                             A8FC     A8FC       40      867       0
                text50                             ACB2     ACB2        2      867       0
                text49                             9680     9680       CA      867       0
                text48                             A876     A876       44      867       0
                text47                             9F00     9F00       7A      867       0
                text46                             729A     729A      2B8      867       0
                text45                             9B0A     9B0A       AA      867       0
                text44                             91C6     91C6      104      867       0
                text43                             63E8     63E8      42A      867       0
                text42                             A974     A974       38      867       0
                text41                             A71A     A71A       46      867       0
                text40                             93C8     93C8       FE      867       0
                text39                             7A22     7A22      212      867       0
                text38                             A31A     A31A       66      867       0
                text37                             A5E8     A5E8       50      867       0
                text36                             A8BA     A8BA       42      867       0
                text35                             4B9A     4B9A      A66      867       0
                text34                             5F76     5F76      472      867       0
                text33                             A542     A542       54      867       0
                text32                             A596     A596       52      867       0
                text31                             974A     974A       C8      867       0
                text30                             999A     999A       BE      867       0
                text29                             A686     A686       4A      867       0
                text28                             94C6     94C6       E8      867       0
                text27                             9E08     9E08       7C      867       0
                text26                             92CA     92CA       FE      867       0
                text25                             8D28     8D28      140      867       0
                text24                             AA4E     AA4E       34      867       0
                text23                             77EE     77EE      234      867       0
                text22                             AC26     AC26       22      867       0
                text21                             5AC0     5AC0      4B6      867       0
                text20                             10CE     10CE     2A46      867       0
                text19                             8656     8656      172      867       0
                text18                             A2B0     A2B0       6A      867       0
                text17                             A3E2     A3E2       60      867       0
                text16                             AB0E     AB0E       2C      867       0
                text15                             A93C     A93C       38      867       0
                text14                             3B14     3B14     1086      867       0
                text13                             AB66     AB66       28      867       0
                text12                             A4EE     A4EE       54      867       0
                text11                             A1D4     A1D4       6E      867       0
                text10                             6F3A     6F3A      360      867       0
                text9                              8F9C     8F9C      124      867       0
                text8                              A9E2     A9E2       36      867       0
                text7                              A0E8     A0E8       76      867       0
                text6                              AC48     AC48       1E      867       0
                text5                              A9AC     A9AC       36      867       0
                text4                              AAE2     AAE2       2C      867       0
                text3                              6BAC     6BAC      38E      867       0
                text2                              95AE     95AE       D2      867       0
                text1                              8BD8     8BD8      150      867       0
                text0                              7552     7552      29C      867       0
                cstackCOMRAM                          1        1       7A        1       1
                cstackBANK0                          80       80       7B       80       1
                cstackBANK1                         100      100       FE      100       1
                dataBANK2                           28D      28D       56      200       1
                bssBANK2                            200      200       8D      200       1
                bssBANK1                            1FE      1FE        1      100       1
                bssBANK0                             FB       FB        2       80       1
                bssCOMRAM                            7B       7B        2        1       1
                cinit                              A832     A832       44      867       0
                idataBANK2                         A442     A442       56      867       0

TOTAL           Name                               Link     Load   Length     Space
        CLASS   CODE           
                intcode                               8        8        6         0
                init                                  E        E        4         0
                reset_vec                             0        0        4         0
                text96                             ACAA     ACAA        8         0
                text95                             ACA2     ACA2        8         0
                text94                             AAB2     AAB2       30         0
                text93                             AA82     AA82       30         0
                intcode_body                       A498     A498       56         0
                text91                             8A86     8A86      152         0
                text90                             81B6     81B6      1A2         0
                text89                             A06E     A06E       7A         0
                text88                             9FF4     9FF4       7A         0
                text87                             9F7A     9F7A       7A         0
                text86                             AC00     AC00       26         0
                text85                             ABDA     ABDA       26         0
                text84                             ABB4     ABB4       26         0
                text83                             9BB4     9BB4       A2         0
                text82                             8E68     8E68      134         0
                text81                             AC84     AC84       1E         0
                text80                             9D84     9D84       84         0
                text79                             AC66     AC66       1E         0
                text78                             5600     5600      4C0         0
                text77                             6812     6812      39A         0
                text76                             90C0     90C0      106         0
                text75                             8002     8002      1B4         0
                text74                             98DA     98DA       C0         0
                text73                             9C56     9C56       9A         0
                text72                             9CF0     9CF0       94         0
                text71                             9A58     9A58       B2         0
                text70                             9E84     9E84       7C         0
                text69                             A15E     A15E       76         0
                text68                             A7EC     A7EC       46         0
                text67                             A7A6     A7A6       46         0
                text66                             A242     A242       6E         0
                text65                             9812     9812       C8         0
                text64                             A638     A638       4E         0
                text63                             AA18     AA18       36         0
                text62                             A6D0     A6D0       4A         0
                text61                             892C     892C      15A         0
                text60                             A380     A380       62         0
                text59                             7C34     7C34      212         0
                text58                             84E0     84E0      176         0
                text57                             AB8E     AB8E       26         0
                text56                             AB3A     AB3A       2C         0
                text55                             A760     A760       46         0
                text54                             7E46     7E46      1BC         0
                text53                             8358     8358      188         0
                text52                             87C8     87C8      164         0
                text51                             A8FC     A8FC       40         0
                text50                             ACB2     ACB2        2         0
                text49                             9680     9680       CA         0
                text48                             A876     A876       44         0
                text47                             9F00     9F00       7A         0
                text46                             729A     729A      2B8         0
                text45                             9B0A     9B0A       AA         0
                text44                             91C6     91C6      104         0
                text43                             63E8     63E8      42A         0
                text42                             A974     A974       38         0
                text41                             A71A     A71A       46         0
                text40                             93C8     93C8       FE         0
                text39                             7A22     7A22      212         0
                text38                             A31A     A31A       66         0
                text37                             A5E8     A5E8       50         0
                text36                             A8BA     A8BA       42         0
                text35                             4B9A     4B9A      A66         0
                text34                             5F76     5F76      472         0
                text33                             A542     A542       54         0
                text32                             A596     A596       52         0
                text31                             974A     974A       C8         0
                text30                             999A     999A       BE         0
                text29                             A686     A686       4A         0
                text28                             94C6     94C6       E8         0
                text27                             9E08     9E08       7C         0
                text26                             92CA     92CA       FE         0
                text25                             8D28     8D28      140         0
                text24                             AA4E     AA4E       34         0
                text23                             77EE     77EE      234         0
                text22                             AC26     AC26       22         0
                text21                             5AC0     5AC0      4B6         0
                text20                             10CE     10CE     2A46         0
                text19                             8656     8656      172         0
                text18                             A2B0     A2B0       6A         0
                text17                             A3E2     A3E2       60         0
                text16                             AB0E     AB0E       2C         0
                text15                             A93C     A93C       38         0
                text14                             3B14     3B14     1086         0
                text13                             AB66     AB66       28         0
                text12                             A4EE     A4EE       54         0
                text11                             A1D4     A1D4       6E         0
                text10                             6F3A     6F3A      360         0
                text9                              8F9C     8F9C      124         0
                text8                              A9E2     A9E2       36         0
                text7                              A0E8     A0E8       76         0
                text6                              AC48     AC48       1E         0
                text5                              A9AC     A9AC       36         0
                text4                              AAE2     AAE2       2C         0
                text3                              6BAC     6BAC      38E         0
                text2                              95AE     95AE       D2         0
                text1                              8BD8     8BD8      150         0
                text0                              7552     7552      29C         0
                cinit                              A832     A832       44         0
                idataBANK2                         A442     A442       56         0

        CLASS   CONST          

        CLASS   SMALLCONST     
                smallconst                         1000     1000       CE         0

        CLASS   MEDIUMCONST    

        CLASS   COMRAM         
                temp                                 7D       7D        1         1
                cstackCOMRAM                          1        1       7A         1
                bssCOMRAM                            7B       7B        2         1

        CLASS   ABS1           

        CLASS   BIGRAM         

        CLASS   RAM            

        CLASS   BANK0          
                cstackBANK0                          80       80       7B         1
                bssBANK0                             FB       FB        2         1

        CLASS   BANK1          
                cstackBANK1                         100      100       FE         1
                bssBANK1                            1FE      1FE        1         1

        CLASS   BANK2          
                dataBANK2                           28D      28D       56         1
                bssBANK2                            200      200       8D         1

        CLASS   BANK3          

        CLASS   BANK4          

        CLASS   BANK5          

        CLASS   BANK6          

        CLASS   BANK7          

        CLASS   BANK8          

        CLASS   BANK9          

        CLASS   BANK10         

        CLASS   BANK11         

        CLASS   BANK12         

        CLASS   BANK13         

        CLASS   BANK14         

        CLASS   BANK15         

        CLASS   SFR            

        CLASS   BIGSFR         

        CLASS   CONFIG         
                config                           300000   300000        E         4

        CLASS   IDLOC          
                idloc                            200000   200000        8         5

        CLASS   EEDATA         

        CLASS   FARRAM         

        CLASS   HEAP           

        CLASS   STACK          



SEGMENTS        Name                           Load    Length   Top    Selector   Space  Class

                reset_vec                      000000  000004  000004         0       0  CODE    
                cstackCOMRAM                   000001  00007D  00007E         1       1  COMRAM  
                intcode                        000008  00000A  000012         4       0  CODE    
                cstackBANK0                    000080  00007D  0000FD        80       1  BANK0   
                cstackBANK1                    000100  0000FF  0001FF       100       1  BANK1   
                bssBANK2                       000200  0000E3  0002E3       200       1  BANK2   
                smallconst                     001000  0000CE  0010CE       800       0  SMALLCON
                text20                         0010CE  009BE6  00ACB4       867       0  CODE    


UNUSED ADDRESS RANGES

        Name                Unused          Largest block    Delta
        BANK0            0000FD-0000FF                3
        BANK1            0001FF-0001FF                1
        BANK10           000A00-000AFF              100
        BANK11           000B00-000BFF              100
        BANK12           000C00-000CFF              100
        BANK13           000D00-000DFF              100
        BANK14           000E00-000EFF              100
        BANK15           000F00-000F7F               80
        BANK2            0002E3-0002FF               1D
        BANK3            000300-0003FF              100
        BANK4            000400-0004FF              100
        BANK5            000500-0005FF              100
        BANK6            000600-0006FF              100
        BANK7            000700-0007FF              100
        BANK8            000800-0008FF              100
        BANK9            000900-0009FF              100
        BIGRAM           00007E-00007F                2
                         0000FD-0000FF                3
                         0001FF-0001FF                1
                         0002E3-000F7F              C9D
        BIGSFR           000F80-000FFF               80
        CODE             000004-000007                4
                         000012-000FFF              FEE
                         00ACB4-00FFFF             534C
        COMRAM           00007E-00007F                2
        CONST            000004-000007                4
                         000012-000FFF              FEE
                         00ACB4-00FFFF             534C
        EEDATA           F00000-F003FF              400
        MEDIUMCONST      00ACB4-00FFFF             534C
        RAM              0000FD-0000FF                3
                         0001FF-0001FF                1
                         0002E3-000F7F              100
        SFR              000F80-000FFF               80
        SMALLCONST       00ACB4-00FFFF              100

                                  Symbol Table

?_Calculate                              cstackBANK0  000091
?_HandleString                           cstackBANK0  00009C
?___aodiv                                cstackCOMRAM 000003
?___aomod                                cstackCOMRAM 000003
?___fladd                                cstackCOMRAM 000011
?___fldiv                                cstackCOMRAM 000042
?___flmul                                cstackCOMRAM 000021
?___flneg                                cstackCOMRAM 000003
?___flsub                                cstackCOMRAM 00003A
?___fltol                                cstackCOMRAM 00005B
?___fpclassifyf                          cstackCOMRAM 000003
?___lmul                                 cstackCOMRAM 000003
?___wmul                                 cstackCOMRAM 000003
?___xxtofl                               cstackCOMRAM 000003
?_abs                                    cstackCOMRAM 000015
?_atof                                   cstackBANK0  000095
?_atoi                                   cstackCOMRAM 000009
?_ceilf                                  cstackCOMRAM 000003
?_fabsf                                  cstackCOMRAM 000003
?_floorf                                 cstackCOMRAM 00005B
?_isdigit                                cstackCOMRAM 000003
?_islower                                cstackCOMRAM 000003
?_isspace                                cstackCOMRAM 000003
?_isxdigit                               cstackCOMRAM 000007
?_labs                                   cstackCOMRAM 000003
?_nanf                                   cstackCOMRAM 000003
?_powf                                   cstackBANK0  000080
?_scalbnf                                cstackCOMRAM 00003A
?_sprintf                                cstackBANK0  0000D3
?_sqrtf                                  cstackCOMRAM 00004E
?_strlen                                 cstackCOMRAM 000003
?_strtof                                 cstackBANK0  000080
?_toupper                                cstackCOMRAM 000007
?_vfprintf                               cstackBANK0  0000CB
Calculate@n1                             cstackBANK0  000091
Calculate@n2                             cstackBANK0  000095
Calculate@op                             cstackBANK0  000099
Calculator_Init@ret                      cstackCOMRAM 00006E
Calculator_display_result@Res            cstackBANK1  000111
Calculator_display_result@result_str     cstackBANK1  000115
GPIO_pin_dir_init@_pin_cfg               cstackCOMRAM 00000D
GPIO_pin_dir_init@ret                    cstackCOMRAM 000015
GPIO_pin_init@_pin_cfg                   cstackCOMRAM 000016
GPIO_pin_read_logic@_pin_cfg             cstackCOMRAM 000003
GPIO_pin_read_logic@logic                cstackCOMRAM 000005
GPIO_pin_read_logic@ret                  cstackCOMRAM 00000C
GPIO_pin_write@_pin_cfg                  cstackCOMRAM 000003
GPIO_pin_write@logic                     cstackCOMRAM 000005
GPIO_pin_write@ret                       cstackCOMRAM 00000C
HandleString@FIRST_NUM                   cstackBANK0  0000A1
HandleString@num1                        cstackBANK0  0000AE
HandleString@num2                        cstackBANK0  0000AA
HandleString@numberCaught                cstackBANK0  0000A2
HandleString@op                          cstackBANK0  0000B2
HandleString@op2                         cstackBANK0  0000A9
HandleString@op_Handle_Power             cstackBANK0  0000A8
HandleString@president_flag              cstackBANK0  0000A7
HandleString@str                         cstackBANK0  00009C
HandleString@temp                        cstackBANK0  0000A3
I2C_Master_Transmit@ACK_State            cstackCOMRAM 00000F
I2C_Master_Transmit@Address              cstackCOMRAM 00000B
I2C_Master_Transmit@Length               cstackCOMRAM 00000C
I2C_Master_Transmit@_i2c                 cstackCOMRAM 000009
I2C_Master_Transmit@ack                  cstackCOMRAM 000013
I2C_Master_Transmit@ctr                  cstackCOMRAM 000011
I2C_Master_Transmit@ret                  cstackCOMRAM 000012
I2C_Master_Transmit@str                  cstackCOMRAM 00000D
I2C_Module_Interrupt_cfg@_i2c            cstackCOMRAM 000003
I2C_Module_Interrupt_cfg@ret             cstackCOMRAM 000005
INT0_SetHandler@InterruptHandler         cstackCOMRAM 000003
INT0_SetHandler@ret                      cstackCOMRAM 000005
INT1_SetHandler@InterruptHandler         cstackCOMRAM 000003
INT1_SetHandler@ret                      cstackCOMRAM 000005
INT2_SetHandler@InterruptHandler         cstackCOMRAM 000003
INT2_SetHandler@ret                      cstackCOMRAM 000005
INTx_Clear_Flag@pin                      cstackCOMRAM 000003
INTx_Clear_Flag@ret                      cstackCOMRAM 000007
INTx_Disable@pin                         cstackCOMRAM 000003
INTx_Disable@ret                         cstackCOMRAM 000007
INTx_Enable@pin                          cstackCOMRAM 000003
INTx_Enable@ret                          cstackCOMRAM 000007
INTx_SetHandler@pin                      cstackCOMRAM 000006
INTx_Set_Polarity@pin                    cstackCOMRAM 000003
INTx_Set_Polarity@ret                    cstackCOMRAM 000007
INTx_Set_Priority@pin                    cstackCOMRAM 000003
INTx_Set_Priority@ret                    cstackCOMRAM 000005
INTx_interrupt_init@pin                  cstackCOMRAM 000016
INTx_interrupt_init@ret                  cstackCOMRAM 000018
IO_expander_write@ack_St                 cstackCOMRAM 000018
IO_expander_write@data                   cstackCOMRAM 000016
IO_expander_write@lcd                    cstackCOMRAM 000014
IO_expander_write@ret                    cstackCOMRAM 000017
MSSP_I2C_Cfg@_i2c                        cstackCOMRAM 000067
MSSP_I2C_Cfg@ret                         cstackCOMRAM 00006A
MSSP_I2C_Master_Send_Start@_i2c          cstackCOMRAM 000003
MSSP_I2C_Master_Send_Start@ret           cstackCOMRAM 000005
MSSP_I2C_Master_Send_Stop@_i2c           cstackCOMRAM 000003
MSSP_I2C_Master_Send_Stop@ret            cstackCOMRAM 000005
MSSP_I2C_Master_Write_Blocking@ACK_State cstackCOMRAM 000006
MSSP_I2C_Master_Write_Blocking@Data      cstackCOMRAM 000005
MSSP_I2C_Master_Write_Blocking@_i2c      cstackCOMRAM 000003
MSSP_I2C_Master_Write_Blocking@ret       cstackCOMRAM 000008
MSSP_I2C_init@_i2c                       cstackCOMRAM 00006B
MSSP_I2C_init@ret                        cstackCOMRAM 00006D
MathError@str                            cstackCOMRAM 000012
MathError@temp                           cstackCOMRAM 000015
Set_I2C_Master_cfg@_i2c                  cstackCOMRAM 000065
Slave_cfg@_i2c                           cstackCOMRAM 000003
String_Append_Char@Data                  cstackCOMRAM 00000F
String_Append_Char@str                   cstackCOMRAM 00000D
String_Remove_Char@length                cstackCOMRAM 000005
String_Remove_Char@str                   cstackCOMRAM 000003
SyntaxErr@length                         cstackCOMRAM 00000D
SyntaxErr@str                            cstackCOMRAM 000008
SyntaxErr@temp                           cstackCOMRAM 00000F
_Calculate                               text19       008656
_Calculator_Init                         text60       00A380
_Calculator_display_result               text25       008D28
_Calculator_display_result$2920          cstackBANK1  000129
_EXTINT0                                 text95       00ACA2
_EXTINT1                                 text96       00ACAA
_GPIO_pin_dir_init                       text90       0081B6
_GPIO_pin_init                           text70       009E84
_GPIO_pin_read_logic                     text2        0095AE
_GPIO_pin_write                          text91       008A86
_HandleString                            text10       006F3A
_I2C                                     dataBANK2    0002C7
_I2C_Master_Transmit                     text65       009812
_I2C_Module_Interrupt_cfg                text79       00AC66
_INT0_ISR                                text94       00AAB2
_INT0_InterruptHandler                   bssBANK2     000233
_INT0_SetHandler                         text86       00AC00
_INT1_ISR                                text93       00AA82
_INT1_InterruptHandler                   bssBANK2     000231
_INT1_SetHandler                         text85       00ABDA
_INT2_InterruptHandler                   bssBANK2     00022F
_INT2_SetHandler                         text84       00ABB4
_INTCON2bits                             (abs)        000FF1
_INTCON3bits                             (abs)        000FF0
_INTCONbits                              (abs)        000FF2
_INTx_Clear_Flag                         text89       00A06E
_INTx_Disable                            text88       009FF4
_INTx_Enable                             text87       009F7A
_INTx_SetHandler                         text83       009BB4
_INTx_Set_Polarity                       text82       008E68
_INTx_Set_Priority                       text81       00AC84
_INTx_interrupt_init                     text80       009D84
_IO_expander_write                       text64       00A638
_InterruptMananger                       intcode      000008
_Keypad                                  dataBANK2    0002CF
_LATA                                    (abs)        000F89
_LATB                                    (abs)        000F8A
_LATC                                    (abs)        000F8B
_LATD                                    (abs)        000F8C
_LATE                                    (abs)        000F8D
_MSSP_I2C_Cfg                            text72       009CF0
_MSSP_I2C_Master_Send_Start              text68       00A7EC
_MSSP_I2C_Master_Send_Stop               text67       00A7A6
_MSSP_I2C_Master_Write_Blocking          text66       00A242
_MSSP_I2C_init                           text71       009A58
_MathError                               text9        008F9C
_NB0                                     dataBANK2    0002DD
_NB1                                     dataBANK2    0002D7
_PIR1bits                                (abs)        000F9E
_PORTA                                   (abs)        000F80
_PORTB                                   (abs)        000F81
_PORTC                                   (abs)        000F82
_PORTD                                   (abs)        000F83
_PORTE                                   (abs)        000F84
_RB4_InterruptHighHandler                bssBANK2     00022D
_RB4_InterruptLowHandler                 bssBANK2     00022B
_RB5_InterruptHighHandler                bssBANK2     000229
_RB5_InterruptLowHandler                 bssBANK2     000227
_RB6_InterruptHighHandler                bssBANK2     000225
_RB6_InterruptLowHandler                 bssBANK2     000223
_RB7_InterruptHighHandler                bssBANK2     000221
_RB7_InterruptLowHandler                 bssBANK2     00021F
_RS                                      bssBANK0     0000FC
_SSPADD                                  (abs)        000FC8
_SSPBUF                                  (abs)        000FC9
_SSPCON1bits                             (abs)        000FC6
_SSPCON2bits                             (abs)        000FC5
_SSPSTATbits                             (abs)        000FC7
_Set_I2C_Master_cfg                      text74       0098DA
_Slave_cfg                               text73       009C56
_String_Append_Char                      text6        00AC48
_String_Remove_Char                      text5        00A9AC
_SyntaxErr                               text3        006BAC
_TRISA                                   (abs)        000F92
_TRISB                                   (abs)        000F93
_TRISC                                   (abs)        000F94
_TRISCbits                               (abs)        000F94
_TRISD                                   (abs)        000F95
_TRISE                                   (abs)        000F96
__HRAM                                   (abs)        000000
__Habs1                                  abs1         000000
__Hbank0                                 bank0        000000
__Hbank1                                 bank1        000000
__Hbank10                                bank10       000000
__Hbank11                                bank11       000000
__Hbank12                                bank12       000000
__Hbank13                                bank13       000000
__Hbank14                                bank14       000000
__Hbank15                                bank15       000000
__Hbank2                                 bank2        000000
__Hbank3                                 bank3        000000
__Hbank4                                 bank4        000000
__Hbank5                                 bank5        000000
__Hbank6                                 bank6        000000
__Hbank7                                 bank7        000000
__Hbank8                                 bank8        000000
__Hbank9                                 bank9        000000
__Hbigbss                                bigbss       000000
__Hbigdata                               bigdata      000000
__Hbigram                                bigram       000000
__Hbigsfr                                bigsfr       000000
__Hbss                                   bss          000000
__HbssBANK0                              bssBANK0     000000
__HbssBANK1                              bssBANK1     000000
__HbssBANK2                              bssBANK2     000000
__HbssCOMRAM                             bssCOMRAM    000000
__Hcinit                                 cinit        000000
__Hclrtext                               clrtext      000000
__Hcomram                                comram       000000
__Hconfig                                config       30000E
__Hconst                                 const        000000
__HcstackBANK0                           cstackBANK0  000000
__HcstackBANK1                           cstackBANK1  000000
__HcstackCOMRAM                          cstackCOMRAM 000000
__Hdata                                  data         000000
__HdataBANK2                             dataBANK2    000000
__Heeprom_data                           eeprom_data  000000
__Hfarbss                                farbss       000000
__Hfardata                               fardata      000000
__Hheap                                  heap         000000
__Hibigdata                              ibigdata     000000
__Hidata                                 idata        000000
__HidataBANK2                            idataBANK2   000000
__Hidloc                                 idloc        200008
__Hifardata                              ifardata     000000
__Hinit                                  init         000012
__Hintcode                               intcode      00000E
__Hintcode_body                          intcode_body 000000
__Hintcodelo                             intcodelo    00000E
__Hintentry                              intentry     000000
__Hintret                                intret       000000
__Hintsave_regs                          intsave_regs 000000
__Hirdata                                irdata       000000
__Hmediumconst                           mediumconst  000000
__HnvFARRAM                              nvFARRAM     000000
__Hnvbit                                 nvbit        000000
__Hnvrram                                nvrram       000000
__Hparam                                 rparam       000000
__Hpowerup                               powerup      00000E
__Hram                                   ram          000000
__Hramtop                                ramtop       001000
__Hrbit                                  rbit         000000
__Hrbss                                  rbss         000000
__Hrdata                                 rdata        000000
__Hreset_vec                             reset_vec    000004
__Hrparam                                rparam       000000
__Hsfr                                   sfr          000000
__Hsmallconst                            smallconst   0010CE
__Hspace_0                               (abs)        00ACB4
__Hspace_1                               (abs)        0002E3
__Hspace_2                               (abs)        000000
__Hspace_4                               (abs)        60000E
__Hstack                                 stack        000000
__Hstruct                                struct       000000
__Htemp                                  temp         00007E
__Htext                                  text         000000
__Htext0                                 text0        000000
__Htext1                                 text1        000000
__Htext10                                text10       000000
__Htext11                                text11       000000
__Htext12                                text12       000000
__Htext13                                text13       000000
__Htext14                                text14       000000
__Htext15                                text15       000000
__Htext16                                text16       000000
__Htext17                                text17       000000
__Htext18                                text18       000000
__Htext19                                text19       000000
__Htext2                                 text2        000000
__Htext20                                text20       000000
__Htext21                                text21       000000
__Htext22                                text22       000000
__Htext23                                text23       000000
__Htext24                                text24       000000
__Htext25                                text25       000000
__Htext26                                text26       000000
__Htext27                                text27       000000
__Htext28                                text28       000000
__Htext29                                text29       000000
__Htext3                                 text3        000000
__Htext30                                text30       000000
__Htext31                                text31       000000
__Htext32                                text32       000000
__Htext33                                text33       000000
__Htext34                                text34       000000
__Htext35                                text35       000000
__Htext36                                text36       000000
__Htext37                                text37       000000
__Htext38                                text38       000000
__Htext39                                text39       000000
__Htext4                                 text4        000000
__Htext40                                text40       000000
__Htext41                                text41       000000
__Htext42                                text42       000000
__Htext43                                text43       000000
__Htext44                                text44       000000
__Htext45                                text45       000000
__Htext46                                text46       000000
__Htext47                                text47       000000
__Htext48                                text48       000000
__Htext49                                text49       000000
__Htext5                                 text5        000000
__Htext50                                text50       000000
__Htext51                                text51       000000
__Htext52                                text52       000000
__Htext53                                text53       000000
__Htext54                                text54       000000
__Htext55                                text55       000000
__Htext56                                text56       000000
__Htext57                                text57       000000
__Htext58                                text58       000000
__Htext59                                text59       000000
__Htext6                                 text6        000000
__Htext60                                text60       000000
__Htext61                                text61       000000
__Htext62                                text62       000000
__Htext63                                text63       000000
__Htext64                                text64       000000
__Htext65                                text65       000000
__Htext66                                text66       000000
__Htext67                                text67       000000
__Htext68                                text68       000000
__Htext69                                text69       000000
__Htext7                                 text7        000000
__Htext70                                text70       000000
__Htext71                                text71       000000
__Htext72                                text72       000000
__Htext73                                text73       000000
__Htext74                                text74       000000
__Htext75                                text75       000000
__Htext76                                text76       000000
__Htext77                                text77       000000
__Htext78                                text78       000000
__Htext79                                text79       000000
__Htext8                                 text8        000000
__Htext80                                text80       000000
__Htext81                                text81       000000
__Htext82                                text82       000000
__Htext83                                text83       000000
__Htext84                                text84       000000
__Htext85                                text85       000000
__Htext86                                text86       000000
__Htext87                                text87       000000
__Htext88                                text88       000000
__Htext89                                text89       000000
__Htext9                                 text9        000000
__Htext90                                text90       000000
__Htext91                                text91       000000
__Htext93                                text93       000000
__Htext94                                text94       000000
__Htext95                                text95       000000
__Htext96                                text96       000000
__Htext97                                text97       000000
__LRAM                                   (abs)        000001
__Labs1                                  abs1         000000
__Lbank0                                 bank0        000000
__Lbank1                                 bank1        000000
__Lbank10                                bank10       000000
__Lbank11                                bank11       000000
__Lbank12                                bank12       000000
__Lbank13                                bank13       000000
__Lbank14                                bank14       000000
__Lbank15                                bank15       000000
__Lbank2                                 bank2        000000
__Lbank3                                 bank3        000000
__Lbank4                                 bank4        000000
__Lbank5                                 bank5        000000
__Lbank6                                 bank6        000000
__Lbank7                                 bank7        000000
__Lbank8                                 bank8        000000
__Lbank9                                 bank9        000000
__Lbigbss                                bigbss       000000
__Lbigdata                               bigdata      000000
__Lbigram                                bigram       000000
__Lbigsfr                                bigsfr       000000
__Lbss                                   bss          000000
__LbssBANK0                              bssBANK0     000000
__LbssBANK1                              bssBANK1     000000
__LbssBANK2                              bssBANK2     000000
__LbssCOMRAM                             bssCOMRAM    000000
__Lcinit                                 cinit        000000
__Lclrtext                               clrtext      000000
__Lcomram                                comram       000000
__Lconfig                                config       000000
__Lconst                                 const        000000
__LcstackBANK0                           cstackBANK0  000000
__LcstackBANK1                           cstackBANK1  000000
__LcstackCOMRAM                          cstackCOMRAM 000000
__Ldata                                  data         000000
__LdataBANK2                             dataBANK2    000000
__Leeprom_data                           eeprom_data  000000
__Lfarbss                                farbss       000000
__Lfardata                               fardata      000000
__Lheap                                  heap         000000
__Libigdata                              ibigdata     000000
__Lidata                                 idata        000000
__LidataBANK2                            idataBANK2   000000
__Lidloc                                 idloc        000000
__Lifardata                              ifardata     000000
__Linit                                  init         00000E
__Lintcode                               intcode      000008
__Lintcode_body                          intcode_body 000000
__Lintcodelo                             intcodelo    00000E
__Lintentry                              intentry     000000
__Lintret                                intret       000000
__Lintsave_regs                          intsave_regs 000000
__Lirdata                                irdata       000000
__Lmediumconst                           mediumconst  000000
__LnvFARRAM                              nvFARRAM     000000
__Lnvbit                                 nvbit        000000
__Lnvrram                                nvrram       000000
__Lparam                                 rparam       000000
__Lpowerup                               powerup      00000E
__Lram                                   ram          000000
__Lramtop                                ramtop       001000
__Lrbit                                  rbit         000000
__Lrbss                                  rbss         000000
__Lrdata                                 rdata        000000
__Lreset_vec                             reset_vec    000000
__Lrparam                                rparam       000000
__Lsfr                                   sfr          000000
__Lsmallconst                            smallconst   001000
__Lspace_0                               (abs)        000000
__Lspace_1                               (abs)        000000
__Lspace_2                               (abs)        000000
__Lspace_4                               (abs)        000000
__Lstack                                 stack        000000
__Lstruct                                struct       000000
__Ltemp                                  temp         00007D
__Ltext                                  text         000000
__Ltext0                                 text0        000000
__Ltext1                                 text1        000000
__Ltext10                                text10       000000
__Ltext11                                text11       000000
__Ltext12                                text12       000000
__Ltext13                                text13       000000
__Ltext14                                text14       000000
__Ltext15                                text15       000000
__Ltext16                                text16       000000
__Ltext17                                text17       000000
__Ltext18                                text18       000000
__Ltext19                                text19       000000
__Ltext2                                 text2        000000
__Ltext20                                text20       000000
__Ltext21                                text21       000000
__Ltext22                                text22       000000
__Ltext23                                text23       000000
__Ltext24                                text24       000000
__Ltext25                                text25       000000
__Ltext26                                text26       000000
__Ltext27                                text27       000000
__Ltext28                                text28       000000
__Ltext29                                text29       000000
__Ltext3                                 text3        000000
__Ltext30                                text30       000000
__Ltext31                                text31       000000
__Ltext32                                text32       000000
__Ltext33                                text33       000000
__Ltext34                                text34       000000
__Ltext35                                text35       000000
__Ltext36                                text36       000000
__Ltext37                                text37       000000
__Ltext38                                text38       000000
__Ltext39                                text39       000000
__Ltext4                                 text4        000000
__Ltext40                                text40       000000
__Ltext41                                text41       000000
__Ltext42                                text42       000000
__Ltext43                                text43       000000
__Ltext44                                text44       000000
__Ltext45                                text45       000000
__Ltext46                                text46       000000
__Ltext47                                text47       000000
__Ltext48                                text48       000000
__Ltext49                                text49       000000
__Ltext5                                 text5        000000
__Ltext50                                text50       000000
__Ltext51                                text51       000000
__Ltext52                                text52       000000
__Ltext53                                text53       000000
__Ltext54                                text54       000000
__Ltext55                                text55       000000
__Ltext56                                text56       000000
__Ltext57                                text57       000000
__Ltext58                                text58       000000
__Ltext59                                text59       000000
__Ltext6                                 text6        000000
__Ltext60                                text60       000000
__Ltext61                                text61       000000
__Ltext62                                text62       000000
__Ltext63                                text63       000000
__Ltext64                                text64       000000
__Ltext65                                text65       000000
__Ltext66                                text66       000000
__Ltext67                                text67       000000
__Ltext68                                text68       000000
__Ltext69                                text69       000000
__Ltext7                                 text7        000000
__Ltext70                                text70       000000
__Ltext71                                text71       000000
__Ltext72                                text72       000000
__Ltext73                                text73       000000
__Ltext74                                text74       000000
__Ltext75                                text75       000000
__Ltext76                                text76       000000
__Ltext77                                text77       000000
__Ltext78                                text78       000000
__Ltext79                                text79       000000
__Ltext8                                 text8        000000
__Ltext80                                text80       000000
__Ltext81                                text81       000000
__Ltext82                                text82       000000
__Ltext83                                text83       000000
__Ltext84                                text84       000000
__Ltext85                                text85       000000
__Ltext86                                text86       000000
__Ltext87                                text87       000000
__Ltext88                                text88       000000
__Ltext89                                text89       000000
__Ltext9                                 text9        000000
__Ltext90                                text90       000000
__Ltext91                                text91       000000
__Ltext93                                text93       000000
__Ltext94                                text94       000000
__Ltext95                                text95       000000
__Ltext96                                text96       000000
__Ltext97                                text97       000000
__S0                                     (abs)        00ACB4
__S1                                     (abs)        0002E3
__S4                                     (abs)        000000
__S5                                     (abs)        000000
___aodiv                                 text53       008358
___aodiv@counter                         cstackCOMRAM 000013
___aodiv@dividend                        cstackCOMRAM 000003
___aodiv@divisor                         cstackCOMRAM 00000B
___aodiv@quotient                        cstackCOMRAM 000015
___aodiv@sign                            cstackCOMRAM 000014
___aomod                                 text52       0087C8
___aomod@counter                         cstackCOMRAM 000013
___aomod@dividend                        cstackCOMRAM 000003
___aomod@divisor                         cstackCOMRAM 00000B
___aomod@sign                            cstackCOMRAM 000014
___fladd                                 text78       005600
___fladd@a                               cstackCOMRAM 000015
___fladd@aexp                            cstackCOMRAM 00001E
___fladd@b                               cstackCOMRAM 000011
___fladd@bexp                            cstackCOMRAM 00001F
___fladd@grs                             cstackCOMRAM 000020
___fladd@signs                           cstackCOMRAM 00001D
___fldiv                                 text77       006812
___fldiv@a                               cstackCOMRAM 000046
___fldiv@aexp                            cstackCOMRAM 00005A
___fldiv@b                               cstackCOMRAM 000042
___fldiv@bexp                            cstackCOMRAM 000059
___fldiv@grs                             cstackCOMRAM 000055
___fldiv@new_exp                         cstackCOMRAM 000053
___fldiv@rem                             cstackCOMRAM 00004E
___fldiv@sign                            cstackCOMRAM 000052
___fleq                                  text45       009B0A
___fleq@ff1                              cstackCOMRAM 00006F
___fleq@ff2                              cstackCOMRAM 000073
___flge                                  text44       0091C6
___flge@ff1                              cstackCOMRAM 000042
___flge@ff2                              cstackCOMRAM 000046
___flmul                                 text43       0063E8
___flmul@a                               cstackCOMRAM 000025
___flmul@aexp                            cstackCOMRAM 00002E
___flmul@b                               cstackCOMRAM 000021
___flmul@bexp                            cstackCOMRAM 000033
___flmul@grs                             cstackCOMRAM 00002F
___flmul@prod                            cstackCOMRAM 000034
___flmul@sign                            cstackCOMRAM 00002D
___flmul@temp                            cstackCOMRAM 000038
___flneg                                 text42       00A974
___flneg@f1                              cstackCOMRAM 000003
___flsub                                 text41       00A71A
___flsub@a                               cstackCOMRAM 00003E
___flsub@b                               cstackCOMRAM 00003A
___fltol                                 text76       0090C0
___fltol@exp1                            cstackCOMRAM 000064
___fltol@f1                              cstackCOMRAM 00005B
___fltol@sign1                           cstackCOMRAM 000063
___fpclassifyf                           text40       0093C8
___fpclassifyf@F465                      bssBANK2     00020F
___fpclassifyf@e                         cstackCOMRAM 00000B
___fpclassifyf@u                         cstackCOMRAM 00000D
___fpclassifyf@x                         cstackCOMRAM 000003
___heap_hi                               (abs)        000000
___heap_lo                               (abs)        000000
___inthi_sp                              stack        000000
___intlo_sp                              stack        000000
___lmul                                  text18       00A2B0
___lmul@multiplicand                     cstackCOMRAM 000007
___lmul@multiplier                       cstackCOMRAM 000003
___lmul@product                          cstackCOMRAM 00000B
___param_bank                            (abs)        000000
___rparam_used                           (abs)        000001
___sp                                    stack        000000
___wmul                                  text57       00AB8E
___wmul@multiplicand                     cstackCOMRAM 000005
___wmul@multiplier                       cstackCOMRAM 000003
___wmul@product                          cstackCOMRAM 000007
___xxtofl                                text75       008002
___xxtofl@arg                            cstackCOMRAM 00000D
___xxtofl@exp                            cstackCOMRAM 00000C
___xxtofl@sign                           cstackCOMRAM 00000B
___xxtofl@val                            cstackCOMRAM 000003
__accesstop                              (abs)        000080
__activetblptr                           (abs)        000003
__end_of_Calculate                       text19       0087C8
__end_of_Calculator_Init                 text60       00A3E2
__end_of_Calculator_display_result       text25       008E68
__end_of_EXTINT0                         text95       00ACAA
__end_of_EXTINT1                         text96       00ACB2
__end_of_GPIO_pin_dir_init               text90       008358
__end_of_GPIO_pin_init                   text70       009F00
__end_of_GPIO_pin_read_logic             text2        009680
__end_of_GPIO_pin_write                  text91       008BD8
__end_of_HandleString                    text10       00729A
__end_of_I2C_Master_Transmit             text65       0098DA
__end_of_I2C_Module_Interrupt_cfg        text79       00AC84
__end_of_INT0_ISR                        text94       00AAE2
__end_of_INT0_SetHandler                 text86       00AC26
__end_of_INT1_ISR                        text93       00AAB2
__end_of_INT1_SetHandler                 text85       00AC00
__end_of_INT2_SetHandler                 text84       00ABDA
__end_of_INTx_Clear_Flag                 text89       00A0E8
__end_of_INTx_Disable                    text88       00A06E
__end_of_INTx_Enable                     text87       009FF4
__end_of_INTx_SetHandler                 text83       009C56
__end_of_INTx_Set_Polarity               text82       008F9C
__end_of_INTx_Set_Priority               text81       00ACA2
__end_of_INTx_interrupt_init             text80       009E08
__end_of_IO_expander_write               text64       00A686
__end_of_InterruptMananger               intcode_body 00A4EE
__end_of_L1                              smallconst   00106D
__end_of_L2                              smallconst   001069
__end_of_L3                              smallconst   001065
__end_of_L4                              smallconst   001061
__end_of_L5                              smallconst   00105D
__end_of_L6                              smallconst   001059
__end_of_MSSP_I2C_Cfg                    text72       009D84
__end_of_MSSP_I2C_Master_Send_Start      text68       00A832
__end_of_MSSP_I2C_Master_Send_Stop       text67       00A7EC
__end_of_MSSP_I2C_Master_Write_Blocking  text66       00A2B0
__end_of_MSSP_I2C_init                   text71       009B0A
__end_of_MathError                       text9        0090C0
__end_of_P1                              smallconst   001055
__end_of_P2                              smallconst   001051
__end_of_P3                              smallconst   00104D
__end_of_P4                              smallconst   001049
__end_of_P5                              smallconst   001045
__end_of_Set_I2C_Master_cfg              text74       00999A
__end_of_Slave_cfg                       text73       009CF0
__end_of_String_Append_Char              text6        00AC66
__end_of_String_Remove_Char              text5        00A9E2
__end_of_SyntaxErr                       text3        006F3A
__end_of___aodiv                         text53       0084E0
__end_of___aomod                         text52       00892C
__end_of___fladd                         text78       005AC0
__end_of___fldiv                         text77       006BAC
__end_of___fleq                          text45       009BB4
__end_of___flge                          text44       0092CA
__end_of___flmul                         text43       006812
__end_of___flneg                         text42       00A9AC
__end_of___flsub                         text41       00A760
__end_of___fltol                         text76       0091C6
__end_of___fpclassifyf                   text40       0094C6
__end_of___lmul                          text18       00A31A
__end_of___wmul                          text57       00ABB4
__end_of___xxtofl                        text75       0081B6
__end_of__initialization                 cinit        00A86C
__end_of_abs                             text51       00A93C
__end_of_atof                            text13       00AB8E
__end_of_atoi                            text54       008002
__end_of_bp                              smallconst   001081
__end_of_ceilf                           text59       007E46
__end_of_convert_float_to_string         text31       009812
__end_of_convert_int32_to_string         text30       009A58
__end_of_cp                              smallconst   001031
__end_of_cp_h                            smallconst   00108D
__end_of_cp_l                            smallconst   001089
__end_of_dp_h                            smallconst   001021
__end_of_dp_l                            smallconst   001019
__end_of_dtoa                            text46       007552
__end_of_efgtoa                          text35       005600
__end_of_fabsf                           text24       00AA82
__end_of_floorf                          text39       007C34
__end_of_fputc                           text49       00974A
__end_of_fputs                           text48       00A8BA
__end_of_huge                            smallconst   001075
__end_of_is_num                          text4        00AB0E
__end_of_is_op                           text12       00A542
__end_of_is_power                        text11       00A242
__end_of_isdigit                         text56       00AB66
__end_of_islower                         text16       00AB3A
__end_of_isspace                         text55       00A7A6
__end_of_isxdigit                        text17       00A442
__end_of_ivln2                           smallconst   00102D
__end_of_ivln2_h                         smallconst   001085
__end_of_ivln2_l                         smallconst   001029
__end_of_keypad_buttons                  smallconst   001011
__end_of_keypad_get_val                  text1        008D28
__end_of_keypad_init                     text69       00A1D4
__end_of_labs                            text38       00A380
__end_of_lcd_init                        text61       008A86
__end_of_lcd_send_4bits                  text63       00AA4E
__end_of_lcd_send_char                   text29       00A6D0
__end_of_lcd_send_char_at                text27       009E84
__end_of_lcd_send_command                text62       00A71A
__end_of_lcd_send_data                   text26       0093C8
__end_of_lcd_set_cursor                  text28       0095AE
__end_of_lg2                             smallconst   001041
__end_of_lg2_h                           smallconst   00103D
__end_of_lg2_l                           smallconst   001039
__end_of_main                            text0        0077EE
__end_of_memcpy                          text37       00A638
__end_of_memset                          text58       008656
__end_of_nanf                            text22       00AC48
__end_of_ovt                             smallconst   001035
__end_of_pad                             text47       009F7A
__end_of_powf                            text20       003B14
__end_of_putch                           text50       00ACB4
__end_of_scalbnf                         text23       007A22
__end_of_sprintf                         text32       00A5E8
__end_of_sqrtf                           text21       005F76
__end_of_strcpy                          text36       00A8FC
__end_of_strlen                          text8        00AA18
__end_of_strncat                         text7        00A15E
__end_of_strtof                          text14       004B9A
__end_of_tiny                            smallconst   001071
__end_of_tiny@sqrtf$F2478                smallconst   001025
__end_of_toupper                         text15       00A974
__end_of_two24                           smallconst   001079
__end_of_vfpfcnvrt                       text34       0063E8
__end_of_vfprintf                        text33       00A596
__initialization                         cinit        00A832
__mediumconst                            mediumconst  000000
__pbssBANK0                              bssBANK0     0000FB
__pbssBANK1                              bssBANK1     0001FE
__pbssBANK2                              bssBANK2     000200
__pbssCOMRAM                             bssCOMRAM    00007B
__pcinit                                 cinit        00A832
__pcstackBANK0                           cstackBANK0  000080
__pcstackBANK1                           cstackBANK1  000100
__pcstackCOMRAM                          cstackCOMRAM 000001
__pdataBANK2                             dataBANK2    00028D
__pidataBANK2                            idataBANK2   00A442
__pintcode                               intcode      000008
__pintcode_body                          intcode_body 00A498
__psmallconst                            smallconst   001000
__ptext0                                 text0        007552
__ptext1                                 text1        008BD8
__ptext10                                text10       006F3A
__ptext11                                text11       00A1D4
__ptext12                                text12       00A4EE
__ptext13                                text13       00AB66
__ptext14                                text14       003B14
__ptext15                                text15       00A93C
__ptext16                                text16       00AB0E
__ptext17                                text17       00A3E2
__ptext18                                text18       00A2B0
__ptext19                                text19       008656
__ptext2                                 text2        0095AE
__ptext20                                text20       0010CE
__ptext21                                text21       005AC0
__ptext22                                text22       00AC26
__ptext23                                text23       0077EE
__ptext24                                text24       00AA4E
__ptext25                                text25       008D28
__ptext26                                text26       0092CA
__ptext27                                text27       009E08
__ptext28                                text28       0094C6
__ptext29                                text29       00A686
__ptext3                                 text3        006BAC
__ptext30                                text30       00999A
__ptext31                                text31       00974A
__ptext32                                text32       00A596
__ptext33                                text33       00A542
__ptext34                                text34       005F76
__ptext35                                text35       004B9A
__ptext36                                text36       00A8BA
__ptext37                                text37       00A5E8
__ptext38                                text38       00A31A
__ptext39                                text39       007A22
__ptext4                                 text4        00AAE2
__ptext40                                text40       0093C8
__ptext41                                text41       00A71A
__ptext42                                text42       00A974
__ptext43                                text43       0063E8
__ptext44                                text44       0091C6
__ptext45                                text45       009B0A
__ptext46                                text46       00729A
__ptext47                                text47       009F00
__ptext48                                text48       00A876
__ptext49                                text49       009680
__ptext5                                 text5        00A9AC
__ptext50                                text50       00ACB2
__ptext51                                text51       00A8FC
__ptext52                                text52       0087C8
__ptext53                                text53       008358
__ptext54                                text54       007E46
__ptext55                                text55       00A760
__ptext56                                text56       00AB3A
__ptext57                                text57       00AB8E
__ptext58                                text58       0084E0
__ptext59                                text59       007C34
__ptext6                                 text6        00AC48
__ptext60                                text60       00A380
__ptext61                                text61       00892C
__ptext62                                text62       00A6D0
__ptext63                                text63       00AA18
__ptext64                                text64       00A638
__ptext65                                text65       009812
__ptext66                                text66       00A242
__ptext67                                text67       00A7A6
__ptext68                                text68       00A7EC
__ptext69                                text69       00A15E
__ptext7                                 text7        00A0E8
__ptext70                                text70       009E84
__ptext71                                text71       009A58
__ptext72                                text72       009CF0
__ptext73                                text73       009C56
__ptext74                                text74       0098DA
__ptext75                                text75       008002
__ptext76                                text76       0090C0
__ptext77                                text77       006812
__ptext78                                text78       005600
__ptext79                                text79       00AC66
__ptext8                                 text8        00A9E2
__ptext80                                text80       009D84
__ptext81                                text81       00AC84
__ptext82                                text82       008E68
__ptext83                                text83       009BB4
__ptext84                                text84       00ABB4
__ptext85                                text85       00ABDA
__ptext86                                text86       00AC00
__ptext87                                text87       009F7A
__ptext88                                text88       009FF4
__ptext89                                text89       00A06E
__ptext9                                 text9        008F9C
__ptext90                                text90       0081B6
__ptext91                                text91       008A86
__ptext93                                text93       00AA82
__ptext94                                text94       00AAB2
[...]
memset@c                                 cstackCOMRAM 000005
memset@dest                              cstackCOMRAM 000003
memset@k                                 cstackCOMRAM 00000B
memset@n                                 cstackCOMRAM 000007
memset@s                                 cstackCOMRAM 00000D
nanf@s                                   cstackCOMRAM 000003
nanf@u                                   cstackCOMRAM 000007
pad@buf                                  cstackCOMRAM 000015
pad@fp                                   cstackCOMRAM 000013
pad@i                                    cstackCOMRAM 00001A
pad@p                                    cstackCOMRAM 000017
pad@w                                    cstackCOMRAM 00001C
powf@__xc8_float_word                    cstackBANK1  0001B8
powf@ax                                  cstackBANK1  000170
powf@hx                                  cstackBANK1  000160
powf@hy                                  cstackBANK1  00017C
powf@i                                   cstackBANK1  00012C
powf@is                                  cstackBANK1  000194
powf@ix                                  cstackBANK1  0001A8
powf@iy                                  cstackBANK1  000190
powf@j                                   cstackBANK1  0001AC
powf@k                                   cstackBANK1  0001A0
powf@n                                   cstackBANK1  000180
powf@p_h                                 cstackBANK1  00019C
powf@p_l                                 cstackBANK1  000164
powf@r                                   cstackBANK1  00014C
powf@s                                   cstackBANK1  00015C
powf@s2                                  cstackBANK1  00018C
powf@s_h                                 cstackBANK1  00016C
powf@s_l                                 cstackBANK1  000130
powf@sn                                  cstackBANK1  000188
powf@t                                   cstackBANK1  0001B0
powf@t1                                  cstackBANK1  000184
powf@t2                                  cstackBANK1  00011C
powf@t_h                                 cstackBANK1  000168
powf@t_l                                 cstackBANK1  000134
powf@u                                   cstackBANK1  000174
powf@v                                   cstackBANK1  000178
powf@w                                   cstackBANK1  000144
powf@x                                   cstackBANK0  000080
powf@y                                   cstackBANK0  000084
powf@y1                                  cstackBANK1  000128
powf@yisint                              cstackBANK1  000150
powf@z                                   cstackBANK1  0001B4
powf@z_h                                 cstackBANK1  000120
powf@z_l                                 cstackBANK1  000124
scalbnf@n                                cstackCOMRAM 00003E
scalbnf@u                                cstackCOMRAM 000044
scalbnf@x                                cstackCOMRAM 00003A
scalbnf@y                                cstackCOMRAM 000048
sprintf@ap                               cstackBANK0  0000DB
sprintf@f                                cstackBANK0  0000DD
sprintf@fmt                              cstackBANK0  0000D5
sprintf@s                                cstackBANK0  0000D3
sqrtf@__xc8_float_word                   cstackCOMRAM 00005F
sqrtf@i                                  cstackCOMRAM 00005B
sqrtf@ix                                 cstackCOMRAM 000077
sqrtf@m                                  cstackCOMRAM 00006F
sqrtf@q                                  cstackCOMRAM 000063
sqrtf@r                                  cstackCOMRAM 000073
sqrtf@s                                  cstackCOMRAM 000057
sqrtf@t                                  cstackCOMRAM 000067
sqrtf@x                                  cstackCOMRAM 00004E
sqrtf@z                                  cstackCOMRAM 00006B
stackhi                                  (abs)        000000
stacklo                                  (abs)        000000
start                                    init         00000E
start_initialization                     cinit        00A832
strcpy@d                                 cstackCOMRAM 000009
strcpy@dest                              cstackCOMRAM 000003
strcpy@s                                 cstackCOMRAM 000007
strcpy@src                               cstackCOMRAM 000005
strlen@a                                 cstackCOMRAM 000005
strlen@s                                 cstackCOMRAM 000003
strncat@d                                cstackCOMRAM 000007
strncat@n                                cstackCOMRAM 00000B
strncat@s                                cstackCOMRAM 000009
strtof@_u                                cstackBANK0  000090
strtof@digit                             cstackBANK0  00008A
strtof@eexp                              cstackBANK0  00008E
strtof@expon                             cstackBANK0  00008C
strtof@flags                             cstackBANK0  00008B
strtof@i                                 cstackBANK0  000094
strtof@res                               cstackBANK0  000082
strtof@s                                 cstackBANK0  000080
toupper@c                                cstackCOMRAM 000007
ttemp5                                   temp         00007E
ttemp6                                   temp         000081
ttemp7                                   temp         000085
vfpfcnvrt@ap                             cstackBANK0  0000B9
vfpfcnvrt@c                              cstackBANK0  0000C8
vfpfcnvrt@convarg                        cstackBANK0  0000C0
vfpfcnvrt@cp                             cstackBANK0  0000C9
vfpfcnvrt@done                           cstackBANK0  0000BE
vfpfcnvrt@fmt                            cstackBANK0  0000B7
vfpfcnvrt@fp                             cstackBANK0  0000B5
vfprintf@ap                              cstackBANK0  0000CF
vfprintf@cfmt                            cstackBANK0  0000D1
vfprintf@fmt                             cstackBANK0  0000CD
vfprintf@fp                              cstackBANK0  0000CB
wtemp8                                   temp         00007E


MODULE INFORMATION

Module		Function		Class		Link	Load	Size
C:\Program Files\Microchip\xc8\v2.40\pic\sources\c99\common\sprcmul.c
		___flmul       		CODE           	63E8	0000	1066

C:\Program Files\Microchip\xc8\v2.40\pic\sources\c99\common\sprcmul.c estimated size: 1066

MCAL_Layer/mcal_I2C/hal_I2C.c
		_MSSP_I2C_Cfg  		CODE           	9CF0	0000	148
		_MSSP_I2C_init 		CODE           	9A58	0000	178
		_MSSP_I2C_Master_Send_Stop		CODE           	A7A6	0000	70
		_MSSP_I2C_Master_Send_Start		CODE           	A7EC	0000	70
		_I2C_Master_Transmit		CODE           	9812	0000	200
		_I2C_Module_Interrupt_cfg		CODE           	AC66	0000	30
		_Set_I2C_Master_cfg		CODE           	98DA	0000	192
		_MSSP_I2C_Master_Write_Blocking		CODE           	A242	0000	110
		_Slave_cfg     		CODE           	9C56	0000	154

MCAL_Layer/mcal_I2C/hal_I2C.c estimated size: 1152

C:\Program Files\Microchip\xc8\v2.40\pic\sources\c99\common\nf_fputc.c
		_fputc         		CODE           	9680	0000	202

C:\Program Files\Microchip\xc8\v2.40\pic\sources\c99\common\nf_fputc.c estimated size: 202

C:\Program Files\Microchip\xc8\v2.40\pic\sources\c99\common\sprcdiv.c
		___fldiv       		CODE           	6812	0000	922

C:\Program Files\Microchip\xc8\v2.40\pic\sources\c99\common\sprcdiv.c estimated size: 922

C:\Program Files\Microchip\xc8\v2.40\pic\sources\c99\common\strncat.c
		_strncat       		CODE           	A0E8	0000	118

C:\Program Files\Microchip\xc8\v2.40\pic\sources\c99\common\strncat.c estimated size: 118

C:\Program Files\Microchip\xc8\v2.40\pic\sources\c99\common\toupper.c
		_toupper       		CODE           	A93C	0000	56

C:\Program Files\Microchip\xc8\v2.40\pic\sources\c99\common\toupper.c estimated size: 56

C:\Program Files\Microchip\xc8\v2.40\pic\sources\c99\common\sqrtf.c
		_sqrtf         		CODE           	5AC0	0000	1206

C:\Program Files\Microchip\xc8\v2.40\pic\sources\c99\common\sqrtf.c estimated size: 1206

C:\Program Files\Microchip\xc8\v2.40\pic\sources\c99\common\nf_sprintf.c
		_sprintf       		CODE           	A596	0000	82

C:\Program Files\Microchip\xc8\v2.40\pic\sources\c99\common\nf_sprintf.c estimated size: 82

C:\Program Files\Microchip\xc8\v2.40\pic\sources\c99\common\memcpy.c
		_memcpy        		CODE           	A5E8	0000	80

C:\Program Files\Microchip\xc8\v2.40\pic\sources\c99\common\memcpy.c estimated size: 80

C:\Program Files\Microchip\xc8\v2.40\pic\sources\c99\common\ceilf.c
		_ceilf         		CODE           	7C34	0000	530

C:\Program Files\Microchip\xc8\v2.40\pic\sources\c99\common\ceilf.c estimated size: 530

C:\Program Files\Microchip\xc8\v2.40\pic\sources\c99\common\fltol.c
		___fltol       		CODE           	90C0	0000	262

C:\Program Files\Microchip\xc8\v2.40\pic\sources\c99\common\fltol.c estimated size: 262

C:\Program Files\Microchip\xc8\v2.40\pic\sources\c99\common\scalbnf.c
		_scalbnf       		CODE           	77EE	0000	564

C:\Program Files\Microchip\xc8\v2.40\pic\sources\c99\common\scalbnf.c estimated size: 564

C:\Program Files\Microchip\xc8\v2.40\pic\sources\c99\common\isspace.c
		_isspace       		CODE           	A760	0000	70

C:\Program Files\Microchip\xc8\v2.40\pic\sources\c99\common\isspace.c estimated size: 70

C:\Program Files\Microchip\xc8\v2.40\pic\sources\c99\common\atoi.c
		_atoi          		CODE           	7E46	0000	444

C:\Program Files\Microchip\xc8\v2.40\pic\sources\c99\common\atoi.c estimated size: 444

C:\Program Files\Microchip\xc8\v2.40\pic\sources\c99\common\isxdigit.c
		_isxdigit      		CODE           	A3E2	0000	96

C:\Program Files\Microchip\xc8\v2.40\pic\sources\c99\common\isxdigit.c estimated size: 96

C:\Program Files\Microchip\xc8\v2.40\pic\sources\c99\common\Umul16.c
		___wmul        		CODE           	AB8E	0000	38

C:\Program Files\Microchip\xc8\v2.40\pic\sources\c99\common\Umul16.c estimated size: 38

C:\Program Files\Microchip\xc8\v2.40\pic\sources\c99\common\fleq.c
		___fleq        		CODE           	9B0A	0000	170

C:\Program Files\Microchip\xc8\v2.40\pic\sources\c99\common\fleq.c estimated size: 170

Calculator.c
		_Calculator_display_result		CODE           	8D28	0000	320
		_main          		CODE           	7552	0000	668
		_String_Append_Char		CODE           	AC48	0000	30
		_String_Remove_Char		CODE           	A9AC	0000	54
		_EXTINT1       		CODE           	ACAA	0000	8
		_EXTINT0       		CODE           	ACA2	0000	8

Calculator.c estimated size: 1088

Calculator_Math/CalculatorMath.c
		_Calculate     		CODE           	8656	0000	370
		_MathError     		CODE           	8F9C	0000	292
		_is_op         		CODE           	A4EE	0000	84
		_SyntaxErr     		CODE           	6BAC	0000	910
		_HandleString  		CODE           	6F3A	0000	864
		_is_num        		CODE           	AAE2	0000	44
		_is_power      		CODE           	A1D4	0000	110

Calculator_Math/CalculatorMath.c estimated size: 2674

C:\Program Files\Microchip\xc8\v2.40\pic\sources\c99\common\abs.c
		_abs           		CODE           	A8FC	0000	64

C:\Program Files\Microchip\xc8\v2.40\pic\sources\c99\common\abs.c estimated size: 64

C:\Program Files\Microchip\xc8\v2.40\pic\sources\c99\common\__fpclassifyf.c
		___fpclassifyf 		CODE           	93C8	0000	254

C:\Program Files\Microchip\xc8\v2.40\pic\sources\c99\common\__fpclassifyf.c estimated size: 254

C:\Program Files\Microchip\xc8\v2.40\pic\sources\c99\common\isdigit.c
		_isdigit       		CODE           	AB3A	0000	44

C:\Program Files\Microchip\xc8\v2.40\pic\sources\c99\common\isdigit.c estimated size: 44

MCAL_Layer/mcal_interrupt/mcal_external_interrupt.c
		_INTx_interrupt_init		CODE           	9D84	0000	132
		_INT0_SetHandler		CODE           	AC00	0000	38
		_INTx_Enable   		CODE           	9F7A	0000	122
		_INT1_SetHandler		CODE           	ABDA	0000	38
		_INTx_Set_Polarity		CODE           	8E68	0000	308
		_INTx_Set_Priority		CODE           	AC84	0000	30
		_INT2_SetHandler		CODE           	ABB4	0000	38
		_INTx_SetHandler		CODE           	9BB4	0000	162
		_INTx_Disable  		CODE           	9FF4	0000	122
		_INTx_Clear_Flag		CODE           	A06E	0000	122
		_INT0_ISR      		CODE           	AAB2	0000	48
		_INT1_ISR      		CODE           	AA82	0000	48

MCAL_Layer/mcal_interrupt/mcal_external_interrupt.c estimated size: 1208

C:\Program Files\Microchip\xc8\v2.40\pic\sources\c99\common\sprcadd.c
		___flsub       		CODE           	A71A	0000	70
		___fladd       		CODE           	5600	0000	1216

C:\Program Files\Microchip\xc8\v2.40\pic\sources\c99\common\sprcadd.c estimated size: 1286

C:\Program Files\Microchip\xc8\v2.40\pic\sources\c99\common\floorf.c
		_floorf        		CODE           	7A22	0000	530

C:\Program Files\Microchip\xc8\v2.40\pic\sources\c99\common\floorf.c estimated size: 530

C:\Program Files\Microchip\xc8\v2.40\pic\sources\c99\common\powf.c
		_powf          		CODE           	10CE	0000	10822

C:\Program Files\Microchip\xc8\v2.40\pic\sources\c99\common\powf.c estimated size: 10822

C:\Program Files\Microchip\xc8\v2.40\pic\sources\c99\common\Umul32.c
		___lmul        		CODE           	A2B0	0000	106

C:\Program Files\Microchip\xc8\v2.40\pic\sources\c99\common\Umul32.c estimated size: 106

C:\Program Files\Microchip\xc8\v2.40\pic\sources\c99\common\flneg.c
		___flneg       		CODE           	A974	0000	56

C:\Program Files\Microchip\xc8\v2.40\pic\sources\c99\common\flneg.c estimated size: 56

C:\Program Files\Microchip\xc8\v2.40\pic\sources\c99\common\fabsf.c
		_fabsf         		CODE           	AA4E	0000	52

C:\Program Files\Microchip\xc8\v2.40\pic\sources\c99\common\fabsf.c estimated size: 52

MCAL_Layer/mcal_interrupt/interrupt_manager.c
		_InterruptMananger		CODE           	0008	0000	92

MCAL_Layer/mcal_interrupt/interrupt_manager.c estimated size: 92

C:\Program Files\Microchip\xc8\v2.40\pic\sources\c99\common\labs.c
		_labs          		CODE           	A31A	0000	102

C:\Program Files\Microchip\xc8\v2.40\pic\sources\c99\common\labs.c estimated size: 102

C:\Program Files\Microchip\xc8\v2.40\pic\sources\c99\common\xxtofl.c
		___xxtofl      		CODE           	8002	0000	436

C:\Program Files\Microchip\xc8\v2.40\pic\sources\c99\common\xxtofl.c estimated size: 436

C:\Program Files\Microchip\xc8\v2.40\pic\sources\c99\common\nf_fputs.c
		_fputs         		CODE           	A876	0000	68

C:\Program Files\Microchip\xc8\v2.40\pic\sources\c99\common\nf_fputs.c estimated size: 68

C:\Program Files\Microchip\xc8\v2.40\pic\sources\c99\common\aomod.c
		___aomod       		CODE           	87C8	0000	356

C:\Program Files\Microchip\xc8\v2.40\pic\sources\c99\common\aomod.c estimated size: 356

C:\Program Files\Microchip\xc8\v2.40\pic\sources\c99\common\strlen.c
		_strlen        		CODE           	A9E2	0000	54

C:\Program Files\Microchip\xc8\v2.40\pic\sources\c99\common\strlen.c estimated size: 54

shared
		_L5            		SMALLCONST     	0000	0000	0
		_P3            		SMALLCONST     	0000	0000	0
		_L6            		SMALLCONST     	0000	0000	0
		_P4            		SMALLCONST     	0000	0000	0
		_P5            		SMALLCONST     	0000	0000	0
		_lg2_l         		SMALLCONST     	0000	0000	0
		_ivln2_l       		SMALLCONST     	0000	0000	0
		_ivln2         		SMALLCONST     	0000	0000	0
		__initialization		CODE           	A832	0000	58
		_bp            		SMALLCONST     	1079	0000	8
		_cp            		SMALLCONST     	0000	0000	0
		_cp_h          		SMALLCONST     	0000	0000	0
		_dp_h          		SMALLCONST     	1019	0000	8
		_lg2           		SMALLCONST     	0000	0000	0
		_tiny@sqrtf$F2478		SMALLCONST     	0000	0000	0
		_lg2_h         		SMALLCONST     	0000	0000	0
		_ivln2_h       		SMALLCONST     	0000	0000	0
		_tiny          		SMALLCONST     	0000	0000	0
		_ovt           		SMALLCONST     	0000	0000	0
		_huge          		SMALLCONST     	0000	0000	0
		_two24         		SMALLCONST     	0000	0000	0
		_cp_l          		SMALLCONST     	0000	0000	0
		_dp_l          		SMALLCONST     	1011	0000	8
		_L1            		SMALLCONST     	0000	0000	0
		_L2            		SMALLCONST     	0000	0000	0
		_keypad_buttons		SMALLCONST     	1001	0000	16
		_L3            		SMALLCONST     	0000	0000	0
		_P1            		SMALLCONST     	0000	0000	0
		_L4            		SMALLCONST     	0000	0000	0
		_P2            		SMALLCONST     	0000	0000	0

shared estimated size: 98

ECU_Layer/ECU_LCD/ECU_LCD.c
		_convert_float_to_string		CODE           	974A	0000	200
		_lcd_send_command		CODE           	A6D0	0000	74
		_lcd_send_data 		CODE           	92CA	0000	254
		_lcd_send_char 		CODE           	A686	0000	74
		_lcd_send_char_at		CODE           	9E08	0000	124
		_lcd_send_4bits		CODE           	AA18	0000	54
		_lcd_set_cursor		CODE           	94C6	0000	232
		_IO_expander_write		CODE           	A638	0000	78
		_convert_int32_to_string		CODE           	999A	0000	190
		_lcd_init      		CODE           	892C	0000	346

ECU_Layer/ECU_LCD/ECU_LCD.c estimated size: 1626

C:\Program Files\Microchip\xc8\v2.40\pic\sources\c99\common\strcpy.c
		_strcpy        		CODE           	A8BA	0000	66

C:\Program Files\Microchip\xc8\v2.40\pic\sources\c99\common\strcpy.c estimated size: 66

C:\Program Files\Microchip\xc8\v2.40\pic\sources\c99\common\flge.c
		___flge        		CODE           	91C6	0000	260

C:\Program Files\Microchip\xc8\v2.40\pic\sources\c99\common\flge.c estimated size: 260

C:\Program Files\Microchip\xc8\v2.40\pic\sources\c99\common\memset.c
		_memset        		CODE           	84E0	0000	374

C:\Program Files\Microchip\xc8\v2.40\pic\sources\c99\common\memset.c estimated size: 374

MCAL_Layer/GPIO/hal_gpio.c
		_GPIO_pin_read_logic		CODE           	95AE	0000	210
		_GPIO_pin_init 		CODE           	9E84	0000	124
		_GPIO_pin_write		CODE           	8A86	0000	338
		_GPIO_pin_dir_init		CODE           	81B6	0000	418

MCAL_Layer/GPIO/hal_gpio.c estimated size: 1090

C:\Program Files\Microchip\xc8\v2.40\pic\sources\c99\common\putch.c
		_putch         		CODE           	ACB2	0000	2

C:\Program Files\Microchip\xc8\v2.40\pic\sources\c99\common\putch.c estimated size: 2

C:\Program Files\Microchip\xc8\v2.40\pic\sources\c99\common\doprnt.c
		_vfpfcnvrt     		CODE           	5F76	0000	1138
		_efgtoa        		CODE           	4B9A	0000	2662
		_pad           		CODE           	9F00	0000	122
		_dtoa          		CODE           	729A	0000	696
		_vfprintf      		CODE           	A542	0000	84

C:\Program Files\Microchip\xc8\v2.40\pic\sources\c99\common\doprnt.c estimated size: 4702

ECU_Layer/ECU_keypad/ECU_keypad.c
		_keypad_init   		CODE           	A15E	0000	118
		_keypad_get_val		CODE           	8BD8	0000	336

ECU_Layer/ECU_keypad/ECU_keypad.c estimated size: 454

C:\Program Files\Microchip\xc8\v2.40\pic\sources\c99\common\strtof.c
		_atof          		CODE           	AB66	0000	40
		_strtof        		CODE           	3B14	0000	4230

C:\Program Files\Microchip\xc8\v2.40\pic\sources\c99\common\strtof.c estimated size: 4270

ECU_Layer/ECU_init.c
		_Calculator_Init		CODE           	A380	0000	98

ECU_Layer/ECU_init.c estimated size: 98

C:\Program Files\Microchip\xc8\v2.40\pic\sources\c99\common\islower.c
		_islower       		CODE           	AB0E	0000	44

C:\Program Files\Microchip\xc8\v2.40\pic\sources\c99\common\islower.c estimated size: 44

C:\Program Files\Microchip\xc8\v2.40\pic\sources\c99\common\aodiv.c
		___aodiv       		CODE           	8358	0000	392

C:\Program Files\Microchip\xc8\v2.40\pic\sources\c99\common\aodiv.c estimated size: 392

C:\Program Files\Microchip\xc8\v2.40\pic\sources\c99\common\nanf.c
		_nanf          		CODE           	AC26	0000	34

C:\Program Files\Microchip\xc8\v2.40\pic\sources\c99\common\nanf.c estimated size: 34

